0 num=s 28671
1 pos=noun 18185
2 gen=m 14962
3 type=common 14733
4 gen=f 11324
5 case=genitive 10224
6 formation=simple 9988
7 pos=verb 9658
8 num=p 9597
9 case=nominative 8821
10 degree=positive 7617
11 case=accusative 7525
12 pos=adjective 7518
13 pos=punctuation 7362
14 type=qualificative 7071
15 person=3 6196
16 case=locative 6031
17 pos=adposition 5892
18 type=preposition 5891
19 vform=indicative 5686
20 type=main 5658
21 tense=present 5478
22 gen=n 4481
23 definite=yes 4233
24 pos=conjunction 4198
25 pos=pronoun 3926
26 type=copula 3627
27 type=proper 3452
28 type=period 3041
29 type=comma 3036
30 vform=participle 2860
31 clitic=no 2828
32 type=coordinating 2826
33 tense=past 2790
34 pos=adverb 2509
35 syntactic=adjectival 2303
36 voice=active 2257
37 case=instrumental 2236
38 syntactic=nominal 2167
39 type=subordinating 1372
40 type=indefinite 1156
41 pos=number 1105
42 clitic=yes 1097
43 vform=infinitive 1089
44 type=reflexive 1066
45 type=demonstrative 1010
46 case=dative 963
47 referent=personal 914
48 type=quotation 699
49 pos=abbreviation 546
50 definite=no 519
51 voice=passive 515
52 type=possessive 461
53 person=1 452
54 type=personal 426
55 type=auxiliary 373
56 tense=aorist 301
57 pos=particle 296
58 type=ordinal 253
59 degree=comparative 253
60 pos=residual 248
61 negative=yes 248
62 degree=superlative 232
63 type=parenthesis 228
64 type=negative 219
65 punctenclose=close 206
66 type=hyphen 195
67 referent=possessive 152
68 punctenclose=open 114
69 formation=compound 102
70 person=2 68
71 type=questionmark 65
72 type=interrogative 59
73 type=colon 59
74 case=vocative 51
75 _ 34
76 type=exclamationmark 27
77 vform=imperative 23
78 animate=no 14
79 type=affirmative 13
80 type=semicolon 10
81 type=modal 5
82 type=slash 2
83 type=relative 1
84 possessorgen=n 1
